// Jest Snapshot v1, https://goo.gl/fbAQLP

exports[`TodoFooter.vue snapshot 1`] = `
<footer class="footer"><span class="todo-count"><strong data-testid="done-todos-count">2</strong> item
    left</span>
  <ul class="filters">
    <li><a href="#/" aria-current="page" class="router-link-exact-active selected" data-testid="link-all">All</a></li>
    <li><a href="#/active" class="" data-testid="link-active">Active</a></li>
    <li><a href="#/completed" class="" data-testid="link-completed">Completed</a></li>
  </ul> <button data-testid="clear-completed" class="clear-completed">Clear completed</button>
</footer>
`;
